// Jest Snapshot v1, https://goo.gl/fbAQLP

exports[`<TimelineScreen /> renders correctly 1`] = `
<RNCSafeAreaView
  edges={
    {
      "bottom": "additive",
      "left": "additive",
      "right": "additive",
      "top": "additive",
    }
  }
  style={
    {
      "flex": 1,
    }
  }
>
  <View
    accessibilityState={
      {
        "busy": undefined,
        "checked": undefined,
        "disabled": undefined,
        "expanded": undefined,
        "selected": undefined,
      }
    }
    accessibilityValue={
      {
        "max": undefined,
        "min": undefined,
        "now": undefined,
        "text": undefined,
      }
    }
    accessible={true}
    collapsable={false}
    focusable={true}
    onBlur={[Function]}
    onClick={[Function]}
    onFocus={[Function]}
    onResponderGrant={[Function]}
    onResponderMove={[Function]}
    onResponderRelease={[Function]}
    onResponderTerminate={[Function]}
    onResponderTerminationRequest={[Function]}
    onStartShouldSetResponder={[Function]}
    style={
      {
        "flex": 1,
      }
    }
  >
    <View
      className="flex-1"
      onLayout={[Function]}
      style={
        {
          "paddingBottom": 0,
        }
      }
    >
      <RCTScrollView
        contentContainerStyle={
          {
            "flexGrow": 1,
            "padding": 16,
          }
        }
        keyboardShouldPersistTaps="handled"
      >
        <View>
          <View
            accessibilityState={
              {
                "busy": undefined,
                "checked": undefined,
                "disabled": undefined,
                "expanded": undefined,
                "selected": undefined,
              }
            }
            accessibilityValue={
              {
                "max": undefined,
                "min": undefined,
                "now": undefined,
                "text": undefined,
              }
            }
            accessible={true}
            className="flex-1"
            collapsable={false}
            focusable={true}
            jestAnimatedStyle={
              {
                "value": {
                  "display": "flex",
                  "opacity": 1,
                },
              }
            }
            onBlur={[Function]}
            onClick={[Function]}
            onFocus={[Function]}
            onResponderGrant={[Function]}
            onResponderMove={[Function]}
            onResponderRelease={[Function]}
            onResponderTerminate={[Function]}
            onResponderTerminationRequest={[Function]}
            onStartShouldSetResponder={[Function]}
            style={
              {
                "display": "flex",
                "opacity": 1,
              }
            }
          >
            <Text
              className="font-cp leading-[1.3125]"
            >
              Bruh, so like, I was vibin' 😎 the other day, straight chillin' with my squad 💯, and outta nowhere, someone goes full sus mode 👀, all sketch 😬, like fr? I was lowkey shook 😳, but I kept it 100, no cap 🧢. Then my homie starts flexin’ his drip 💧, totally bussin’ 🔥, and I’m like “yo, deadass? 🤨” We just tryna keep it Gucci 😌, but the whole sitch got hella goofy 🤡, ngl. At the end of the day, we all just finna bounce 🏃‍♂️, cuz ain’t nobody got time for that energy 💤. Keep it savage 💪, fam, issa whole vibe 🌊.
            </Text>
          </View>
          <View
            collapsable={false}
            jestAnimatedStyle={
              {
                "value": {
                  "display": "none",
                  "opacity": 0,
                },
              }
            }
            style={
              {
                "display": "none",
                "opacity": 0,
              }
            }
          >
            <Text
              className="font-cp absolute bottom-px left-px right-px p-2 leading-[1.123] top-[1.5px]"
            >
              Bruh, so like, I was vibin' 😎 the other day, straight chillin' with my squad 💯, and outta nowhere, someone goes full sus mode 👀, all sketch 😬, like fr? I was lowkey shook 😳, but I kept it 100, no cap 🧢. Then my homie starts flexin’ his drip 💧, totally bussin’ 🔥, and I’m like “yo, deadass? 🤨” We just tryna keep it Gucci 😌, but the whole sitch got hella goofy 🤡, ngl. At the end of the day, we all just finna bounce 🏃‍♂️, cuz ain’t nobody got time for that energy 💤. Keep it savage 💪, fam, issa whole vibe 🌊.
            </Text>
            <TextInput
              className="font-cp mb-4 rounded-lg border border-gray-700 p-2 text-transparent"
              contextMenuHidden={true}
              multiline={true}
              onChangeText={[Function]}
              onSelectionChange={[Function]}
              placeholder="Start writing..."
              scrollEnabled={false}
              selection={
                {
                  "end": 0,
                  "start": 0,
                }
              }
              selectionColor="#6b7280"
              value="Bruh, so like, I was vibin' 😎 the other day, straight chillin' with my squad 💯, and outta nowhere, someone goes full sus mode 👀, all sketch 😬, like fr? I was lowkey shook 😳, but I kept it 100, no cap 🧢. Then my homie starts flexin’ his drip 💧, totally bussin’ 🔥, and I’m like “yo, deadass? 🤨” We just tryna keep it Gucci 😌, but the whole sitch got hella goofy 🤡, ngl. At the end of the day, we all just finna bounce 🏃‍♂️, cuz ain’t nobody got time for that energy 💤. Keep it savage 💪, fam, issa whole vibe 🌊."
            />
            <View
              collapsable={false}
              jestAnimatedStyle={
                {
                  "value": {
                    "opacity": 0,
                  },
                }
              }
              style={
                {
                  "opacity": 0,
                }
              }
            >
              <View
                className="flex-row items-center justify-between"
              >
                <View
                  className="box-border flex-row overflow-hidden rounded-full border border-gray-700"
                  collapsable={false}
                  jestAnimatedStyle={
                    {
                      "value": {
                        "width": 148,
                      },
                    }
                  }
                  style={
                    {
                      "width": 148,
                    }
                  }
                >
                  <View
                    className="flex-row"
                    collapsable={false}
                    jestAnimatedStyle={
                      {
                        "value": {
                          "display": "flex",
                          "opacity": 1,
                          "width": 98,
                        },
                      }
                    }
                    style={
                      {
                        "display": "flex",
                        "opacity": 1,
                        "width": 98,
                      }
                    }
                  >
                    <View
                      accessibilityState={
                        {
                          "busy": undefined,
                          "checked": undefined,
                          "disabled": true,
                          "expanded": undefined,
                          "selected": undefined,
                        }
                      }
                      accessibilityValue={
                        {
                          "max": undefined,
                          "min": undefined,
                          "now": undefined,
                          "text": undefined,
                        }
                      }
                      accessible={true}
                      collapsable={false}
                      focusable={true}
                      onClick={[Function]}
                      onResponderGrant={[Function]}
                      onResponderMove={[Function]}
                      onResponderRelease={[Function]}
                      onResponderTerminate={[Function]}
                      onResponderTerminationRequest={[Function]}
                      onStartShouldSetResponder={[Function]}
                      style={
                        {
                          "opacity": 1,
                        }
                      }
                    >
                      <Text />
                    </View>
                    <View
                      className="h-full w-px bg-gray-700"
                    />
                    <View
                      accessibilityState={
                        {
                          "busy": undefined,
                          "checked": undefined,
                          "disabled": true,
                          "expanded": undefined,
                          "selected": undefined,
                        }
                      }
                      accessibilityValue={
                        {
                          "max": undefined,
                          "min": undefined,
                          "now": undefined,
                          "text": undefined,
                        }
                      }
                      accessible={true}
                      collapsable={false}
                      focusable={true}
                      onClick={[Function]}
                      onResponderGrant={[Function]}
                      onResponderMove={[Function]}
                      onResponderRelease={[Function]}
                      onResponderTerminate={[Function]}
                      onResponderTerminationRequest={[Function]}
                      onStartShouldSetResponder={[Function]}
                      style={
                        {
                          "opacity": 1,
                        }
                      }
                    >
                      <Text />
                    </View>
                    <View
                      className="h-full w-px bg-gray-700"
                    />
                  </View>
                  <View
                    collapsable={false}
                    jestAnimatedStyle={
                      {
                        "value": {
                          "display": "none",
                          "opacity": 0,
                          "paddingLeft": 0,
                          "width": 0,
                        },
                      }
                    }
                    style={
                      {
                        "display": "none",
                        "opacity": 0,
                        "paddingLeft": 0,
                        "width": 0,
                      }
                    }
                  >
                    <View
                      animating={true}
                      animationDuration={900}
                      animationEasing={[Function]}
                      collapsable={false}
                      color="#374151"
                      hideAnimationDuration={200}
                      interaction={true}
                      renderComponent={[Function]}
                      size={12}
                      style={
                        {
                          "alignItems": "center",
                          "flex": 1,
                          "flexDirection": "row",
                          "justifyContent": "center",
                          "opacity": 1,
                        }
                      }
                    >
                      <View
                        style={
                          {
                            "height": 12,
                            "marginHorizontal": 1,
                            "width": 2,
                          }
                        }
                      >
                        <View
                          collapsable={false}
                          style={
                            {
                              "backgroundColor": "#374151",
                              "borderTopLeftRadius": 1,
                              "borderTopRightRadius": 1,
                              "height": 6,
                              "transform": [
                                {
                                  "translateY": 2.5,
                                },
                              ],
                              "width": 2,
                            }
                          }
                        />
                        <View
                          collapsable={false}
                          style={
                            {
                              "backgroundColor": "#374151",
                              "borderBottomLeftRadius": 1,
                              "borderBottomRightRadius": 1,
                              "height": 6,
                              "transform": [
                                {
                                  "translateY": -2.5,
                                },
                              ],
                              "width": 2,
                            }
                          }
                        />
                      </View>
                      <View
                        style={
                          {
                            "height": 12,
                            "marginHorizontal": 1,
                            "width": 2,
                          }
                        }
                      >
                        <View
                          collapsable={false}
                          style={
                            {
                              "backgroundColor": "#374151",
                              "borderTopLeftRadius": 1,
                              "borderTopRightRadius": 1,
                              "height": 6,
                              "transform": [
                                {
                                  "translateY": 2.4504312196213593,
                                },
                              ],
                              "width": 2,
                            }
                          }
                        />
                        <View
                          collapsable={false}
                          style={
                            {
                              "backgroundColor": "#374151",
                              "borderBottomLeftRadius": 1,
                              "borderBottomRightRadius": 1,
                              "height": 6,
                              "transform": [
                                {
                                  "translateY": -2.4504312196213593,
                                },
                              ],
                              "width": 2,
                            }
                          }
                        />
                      </View>
                      <View
                        style={
                          {
                            "height": 12,
                            "marginHorizontal": 1,
                            "width": 2,
                          }
                        }
                      >
                        <View
                          collapsable={false}
                          style={
                            {
                              "backgroundColor": "#374151",
                              "borderTopLeftRadius": 1,
                              "borderTopRightRadius": 1,
                              "height": 6,
                              "transform": [
                                {
                                  "translateY": 2.3036905296760195,
                                },
                              ],
                              "width": 2,
                            }
                          }
                        />
                        <View
                          collapsable={false}
                          style={
                            {
                              "backgroundColor": "#374151",
                              "borderBottomLeftRadius": 1,
                              "borderBottomRightRadius": 1,
                              "height": 6,
                              "transform": [
                                {
                                  "translateY": -2.3036905296760195,
                                },
                              ],
                              "width": 2,
                            }
                          }
                        />
                      </View>
                      <View
                        style={
                          {
                            "height": 12,
                            "marginHorizontal": 1,
                            "width": 2,
                          }
                        }
                      >
                        <View
                          collapsable={false}
                          style={
                            {
                              "backgroundColor": "#374151",
                              "borderTopLeftRadius": 1,
                              "borderTopRightRadius": 1,
                              "height": 6,
                              "transform": [
                                {
                                  "translateY": 2.0655969357899866,
                                },
                              ],
                              "width": 2,
                            }
                          }
                        />
                        <View
                          collapsable={false}
                          style={
                            {
                              "backgroundColor": "#374151",
                              "borderBottomLeftRadius": 1,
                              "borderBottomRightRadius": 1,
                              "height": 6,
                              "transform": [
                                {
                                  "translateY": -2.0655969357899866,
                                },
                              ],
                              "width": 2,
                            }
                          }
                        />
                      </View>
                      <View
                        style={
                          {
                            "height": 12,
                            "marginHorizontal": 1,
                            "width": 2,
                          }
                        }
                      >
                        <View
                          collapsable={false}
                          style={
                            {
                              "backgroundColor": "#374151",
                              "borderTopLeftRadius": 1,
                              "borderTopRightRadius": 1,
                              "height": 6,
                              "transform": [
                                {
                                  "translateY": 1.7455920452151819,
                                },
                              ],
                              "width": 2,
                            }
                          }
                        />
                        <View
                          collapsable={false}
                          style={
                            {
                              "backgroundColor": "#374151",
                              "borderBottomLeftRadius": 1,
                              "borderBottomRightRadius": 1,
                              "height": 6,
                              "transform": [
                                {
                                  "translateY": -1.7455920452151819,
                                },
                              ],
                              "width": 2,
                            }
                          }
                        />
                      </View>
                      <View
                        style={
                          {
                            "height": 12,
                            "marginHorizontal": 1,
                            "width": 2,
                          }
                        }
                      >
                        <View
                          collapsable={false}
                          style={
                            {
                              "backgroundColor": "#374151",
                              "borderTopLeftRadius": 1,
                              "borderTopRightRadius": 1,
                              "height": 6,
                              "transform": [
                                {
                                  "translateY": 1.3563656596643983,
                                },
                              ],
                              "width": 2,
                            }
                          }
                        />
                        <View
                          collapsable={false}
                          style={
                            {
                              "backgroundColor": "#374151",
                              "borderBottomLeftRadius": 1,
                              "borderBottomRightRadius": 1,
                              "height": 6,
                              "transform": [
                                {
                                  "translateY": -1.3563656596643983,
                                },
                              ],
                              "width": 2,
                            }
                          }
                        />
                      </View>
                      <View
                        style={
                          {
                            "height": 12,
                            "marginHorizontal": 1,
                            "width": 2,
                          }
                        }
                      >
                        <View
                          collapsable={false}
                          style={
                            {
                              "backgroundColor": "#374151",
                              "borderTopLeftRadius": 1,
                              "borderTopRightRadius": 1,
                              "height": 6,
                              "transform": [
                                {
                                  "translateY": 0.9133525609159872,
                                },
                              ],
                              "width": 2,
                            }
                          }
                        />
                        <View
                          collapsable={false}
                          style={
                            {
                              "backgroundColor": "#374151",
                              "borderBottomLeftRadius": 1,
                              "borderBottomRightRadius": 1,
                              "height": 6,
                              "transform": [
                                {
                                  "translateY": -0.9133525609159872,
                                },
                              ],
                              "width": 2,
                            }
                          }
                        />
                      </View>
                      <View
                        style={
                          {
                            "height": 12,
                            "marginHorizontal": 1,
                            "width": 2,
                          }
                        }
                      >
                        <View
                          collapsable={false}
                          style={
                            {
                              "backgroundColor": "#374151",
                              "borderTopLeftRadius": 1,
                              "borderTopRightRadius": 1,
                              "height": 6,
                              "transform": [
                                {
                                  "translateY": 0.43412044416732576,
                                },
                              ],
                              "width": 2,
                            }
                          }
                        />
                        <View
                          collapsable={false}
                          style={
                            {
                              "backgroundColor": "#374151",
                              "borderBottomLeftRadius": 1,
                              "borderBottomRightRadius": 1,
                              "height": 6,
                              "transform": [
                                {
                                  "translateY": -0.43412044416732576,
                                },
                              ],
                              "width": 2,
                            }
                          }
                        />
                      </View>
                      <View
                        style={
                          {
                            "height": 12,
                            "marginHorizontal": 1,
                            "width": 2,
                          }
                        }
                      >
                        <View
                          collapsable={false}
                          style={
                            {
                              "backgroundColor": "#374151",
                              "borderTopLeftRadius": 1,
                              "borderTopRightRadius": 1,
                              "height": 6,
                              "transform": [
                                {
                                  "translateY": 0.06232672934518259,
                                },
                              ],
                              "width": 2,
                            }
                          }
                        />
                        <View
                          collapsable={false}
                          style={
                            {
                              "backgroundColor": "#374151",
                              "borderBottomLeftRadius": 1,
                              "borderBottomRightRadius": 1,
                              "height": 6,
                              "transform": [
                                {
                                  "translateY": -0.06232672934518259,
                                },
                              ],
                              "width": 2,
                            }
                          }
                        />
                      </View>
                      <View
                        style={
                          {
                            "height": 12,
                            "marginHorizontal": 1,
                            "width": 2,
                          }
                        }
                      >
                        <View
                          collapsable={false}
                          style={
                            {
                              "backgroundColor": "#374151",
                              "borderTopLeftRadius": 1,
                              "borderTopRightRadius": 1,
                              "height": 6,
                              "transform": [
                                {
                                  "translateY": 0.5563023348907861,
                                },
                              ],
                              "width": 2,
                            }
                          }
                        />
                        <View
                          collapsable={false}
                          style={
                            {
                              "backgroundColor": "#374151",
                              "borderBottomLeftRadius": 1,
                              "borderBottomRightRadius": 1,
                              "height": 6,
                              "transform": [
                                {
                                  "translateY": -0.5563023348907861,
                                },
                              ],
                              "width": 2,
                            }
                          }
                        />
                      </View>
                      <View
                        style={
                          {
                            "height": 12,
                            "marginHorizontal": 1,
                            "width": 2,
                          }
                        }
                      >
                        <View
                          collapsable={false}
                          style={
                            {
                              "backgroundColor": "#374151",
                              "borderTopLeftRadius": 1,
                              "borderTopRightRadius": 1,
                              "height": 6,
                              "transform": [
                                {
                                  "translateY": 1.0282177578265292,
                                },
                              ],
                              "width": 2,
                            }
                          }
                        />
                        <View
                          collapsable={false}
                          style={
                            {
                              "backgroundColor": "#374151",
                              "borderBottomLeftRadius": 1,
                              "borderBottomRightRadius": 1,
                              "height": 6,
                              "transform": [
                                {
                                  "translateY": -1.0282177578265292,
                                },
                              ],
                              "width": 2,
                            }
                          }
                        />
                      </View>
                      <View
                        style={
                          {
                            "height": 12,
                            "marginHorizontal": 1,
                            "width": 2,
                          }
                        }
                      >
                        <View
                          collapsable={false}
                          style={
                            {
                              "backgroundColor": "#374151",
                              "borderTopLeftRadius": 1,
                              "borderTopRightRadius": 1,
                              "height": 6,
                              "transform": [
                                {
                                  "translateY": 1.4593591805869748,
                                },
                              ],
                              "width": 2,
                            }
                          }
                        />
                        <View
                          collapsable={false}
                          style={
                            {
                              "backgroundColor": "#374151",
                              "borderBottomLeftRadius": 1,
                              "borderBottomRightRadius": 1,
                              "height": 6,
                              "transform": [
                                {
                                  "translateY": -1.4593591805869748,
                                },
                              ],
                              "width": 2,
                            }
                          }
                        />
                      </View>
                      <View
                        style={
                          {
                            "height": 12,
                            "marginHorizontal": 1,
                            "width": 2,
                          }
                        }
                      >
                        <View
                          collapsable={false}
                          style={
                            {
                              "backgroundColor": "#374151",
                              "borderTopLeftRadius": 1,
                              "borderTopRightRadius": 1,
                              "height": 6,
                              "transform": [
                                {
                                  "translateY": 1.8326296795745658,
                                },
                              ],
                              "width": 2,
                            }
                          }
                        />
                        <View
                          collapsable={false}
                          style={
                            {
                              "backgroundColor": "#374151",
                              "borderBottomLeftRadius": 1,
                              "borderBottomRightRadius": 1,
                              "height": 6,
                              "transform": [
                                {
                                  "translateY": -1.8326296795745658,
                                },
                              ],
                              "width": 2,
                            }
                          }
                        />
                      </View>
                      <View
                        style={
                          {
                            "height": 12,
                            "marginHorizontal": 1,
                            "width": 2,
                          }
                        }
                      >
                        <View
                          collapsable={false}
                          style={
                            {
                              "backgroundColor": "#374151",
                              "borderTopLeftRadius": 1,
                              "borderTopRightRadius": 1,
                              "height": 6,
                              "transform": [
                                {
                                  "translateY": 2.1332272040803892,
                                },
                              ],
                              "width": 2,
                            }
                          }
                        />
                        <View
                          collapsable={false}
                          style={
                            {
                              "backgroundColor": "#374151",
                              "borderBottomLeftRadius": 1,
                              "borderBottomRightRadius": 1,
                              "height": 6,
                              "transform": [
                                {
                                  "translateY": -2.1332272040803892,
                                },
                              ],
                              "width": 2,
                            }
                          }
                        />
                      </View>
                      <View
                        style={
                          {
                            "height": 12,
                            "marginHorizontal": 1,
                            "width": 2,
                          }
                        }
                      >
                        <View
                          collapsable={false}
                          style={
                            {
                              "backgroundColor": "#374151",
                              "borderTopLeftRadius": 1,
                              "borderTopRightRadius": 1,
                              "height": 6,
                              "transform": [
                                {
                                  "translateY": 2.3492315519647713,
                                },
                              ],
                              "width": 2,
                            }
                          }
                        />
                        <View
                          collapsable={false}
                          style={
                            {
                              "backgroundColor": "#374151",
                              "borderBottomLeftRadius": 1,
                              "borderBottomRightRadius": 1,
                              "height": 6,
                              "transform": [
                                {
                                  "translateY": -2.3492315519647713,
                                },
                              ],
                              "width": 2,
                            }
                          }
                        />
                      </View>
                      <View
                        style={
                          {
                            "height": 12,
                            "marginHorizontal": 1,
                            "width": 2,
                          }
                        }
                      >
                        <View
                          collapsable={false}
                          style={
                            {
                              "backgroundColor": "#374151",
                              "borderTopLeftRadius": 1,
                              "borderTopRightRadius": 1,
                              "height": 6,
                              "transform": [
                                {
                                  "translateY": 2.4720770655628215,
                                },
                              ],
                              "width": 2,
                            }
                          }
                        />
                        <View
                          collapsable={false}
                          style={
                            {
                              "backgroundColor": "#374151",
                              "borderBottomLeftRadius": 1,
                              "borderBottomRightRadius": 1,
                              "height": 6,
                              "transform": [
                                {
                                  "translateY": -2.4720770655628215,
                                },
                              ],
                              "width": 2,
                            }
                          }
                        />
                      </View>
                    </View>
                  </View>
                  <View
                    accessibilityState={
                      {
                        "busy": undefined,
                        "checked": undefined,
                        "disabled": true,
                        "expanded": undefined,
                        "selected": undefined,
                      }
                    }
                    accessibilityValue={
                      {
                        "max": undefined,
                        "min": undefined,
                        "now": undefined,
                        "text": undefined,
                      }
                    }
                    accessible={true}
                    collapsable={false}
                    focusable={true}
                    onClick={[Function]}
                    onResponderGrant={[Function]}
                    onResponderMove={[Function]}
                    onResponderRelease={[Function]}
                    onResponderTerminate={[Function]}
                    onResponderTerminationRequest={[Function]}
                    onStartShouldSetResponder={[Function]}
                    style={
                      {
                        "opacity": 1,
                      }
                    }
                  >
                    <Text />
                  </View>
                </View>
                <View
                  collapsable={false}
                  jestAnimatedStyle={
                    {
                      "value": {
                        "display": "none",
                        "opacity": 0,
                      },
                    }
                  }
                  style={
                    {
                      "display": "none",
                      "opacity": 0,
                    }
                  }
                >
                  <ActivityIndicator
                    color="#374151"
                    size="small"
                  />
                </View>
              </View>
            </View>
          </View>
        </View>
      </RCTScrollView>
    </View>
  </View>
</RNCSafeAreaView>
`;
